Name jurs_JWJSASA jurs_JWJPPSA1 jurs_JWJPNSA1 jurs_JWJDPSA1 jurs_JWJPPSA2 jurs_JWJPNSA2 jurs_JWJDPSA2 jurs_JWJPPSA3 jurs_JWJPNSA3 jurs_JWJDPSA3 jurs_JWJFPSA1 jurs_JWJFNSA1 jurs_JWJFPSA2 jurs_JWJFNSA2 jurs_JWJFPSA3 jurs_JWJFNSA3 jurs_JWJWPSA1 jurs_JWJWNSA1 jurs_JWJWPSA2 jurs_JWJWNSA2 jurs_JWJWPSA3 jurs_JWJWNSA3 jurs_JWJRPCG jurs_JWJRNCG jurs_JWJRPCS jurs_JWJRNCS jurs_JWJTPSA jurs_JWJTASA jurs_JWJRPSA jurs_JWJRASA jurs_JWJ2SSAH jurs_JWJ2CHGD jurs_JWJ2ACGD jurs_JWJ2SSAA jurs_JWJ2CNTH jurs_JWJ2CNTA jurs_JWJ2RHTA jurs_JWJ2RSAH jurs_JWJ2RSAA jurs_JWJ2RSHM jurs_JWJ2RSAM jurs_JWELED1 jurs_JWELED2 jurs_JWELED3 jurs_JWELED4 jurs_JWELED5 jurs_JWELED6 jurs_JWELED7 jurs_JWELED8 jurs_JWELED9 jurs_JWELED10 jurs_JWELED11 jurs_JWELED12 jurs_JWELED13 jurs_JWELED14 jurs_JWELED15 jurs_JWELED16 jurs_JWELEDP1 jurs_JWELEDP2 jurs_JWELEDP3 jurs_JWSSovEn jurs_JWSVol jurs_JWSPSA12 jurs_JWSPSA22 jurs_JWSPSA32 jurs_JWSHpbSA jurs_JWAromSA jurs_JWAromRa
PBCHM6197496 1001 753.7 247.6 506.1 2003 -658.2 2662 47.05 -22.58 69.63 0.7527 0.2473 2.001 -0.6573 0.04699 -0.02255 754.7 247.9 2006 -659.1 47.11 -22.61 0.08081 0.1102 0.4128 0.04331 16.92 984.4 0.01689 0.9831 0 0 0 0 0 0 1 0 0 0 0 5.316 0.07383 2.658 0.06483 -0.08574 0.2148 0.005239 -0.293 -0.009451 0.293 0.004069 0.2239 0.00546 0.375 0.0121 0.008317 2.261 5.113 14.7 3.678 1801 815.7 97.63 58.02 884 504.2 0.5035
