ID natoms lgrsize nrings ring_atoms aroma fused_atoms htroa unsat
PBCHM6197496 72 6 6 34 23 0 39 6
