Name hpo_HPOnumbr hpo_HPOratio hpo_HPOnsect hpo_HPOminsz hpo_HPOavesz hpo_HPOmaxsz hpo_HPOmxntr hpo_HPOminpi hpo_HPOavepi hpo_HPOmaxpi hpo_HPOmpntr hpo_HPOmxmxd hpo_HPOavmxd hpo_HPOmxarm hpo_HPOavarm hpo_HPOntrml hpo_HPOlgtrm
PBCHM6197496 16 0.222 7 1 2.29 6 0.0833 0 0.143 1 0.0139 4 1.14 6 1.29 0 0
