$SMI<O=C1C(=C([H])C2=C([H])N(N=C2C2=C([H])C(=C(C(=C2[H])[H])OC([H])([H])C2=C([H])C(=C(C(=C2[H])[H])C([H])([H])[H])[H])[H])C2=C([H])C(=C([H])C(=C2[H])[H])[H])SC(=N1)N1C([H])([H])C([H])([H])C([H])([H])C([H])(C1([H])[H])C([H])([H])[H]>
PCN<PBCHM6197496>
NCRS<..+Idk..J9M..3Gu..+ImU22.VI..8Y9..0d3U..eFc..8Ye.UE03E..zKg..Dpq..1xSU..zMc0+.6J..3Flk.+IRM..J5O..3FuU22.VI..OMq..4aCU.+dYc2.V6.3>
|
