Name w_natoms w_nrings w_nelem w_amw w_ncon1 w_fncon1 w_ncon2 w_fncon2 w_ncon3 w_fncon3 w_ncon4 w_fncon4 w_frhc w_mltbd w_fmltbd w_chmltbd w_fchmltbd w_rgmltbd w_frgmltbd w_dcca w_fdcca w_mxdst w_fmxdst w_mxsdlp w_avsdlp w_mxsdlprl w_mdallp w_fmdallp w_fdiffallp w_harary w_rotbond w_frotbond w_ringatom w_rhacnt w_rhaf w_frafus w_rngatmf w_aroma w_aromha w_fraromha w_aromdens w_ch2 w_ch w_htroatom w_htroaf w_nrgnhlht w_ohsh w_co2h w_amine w_pyridine w_pyrrole w_hacts w_hdons w_hduals w_mhr w_mxhrf w_mnhrf w_lrsysz w_srsz w_lrsz w_rng7atoms w_nrsyscmr w_mars w_frspch w_spchtro w_rbfrspch w_satspcha w_unsatspcha w_fsatspcha w_scaffoldbranches w_nrnspch w_fnrnspc w_trmnlrng w_intrnlrng w_rng2spch w_rng2bridge w_rcj w_rchj w_amrcj w_alrcj w_pbcount w_frpbond w_nonpbond w_pbarom w_npbarom w_pbunset w_dvinylb w_ringsys w_arring w_alring w_excybond w_excydbond w_excydscon w_excydsconh w_excydscondon w_atmpiele w_fratmpie w_unsatura w_funsatura w_ringisol w_isolrc w_isolhtrc w_erichsct w_aiercsct w_lercsct w_faiercst w_avcon w_avchcon w_avalcon w_platt w_weiner w_crowding w_fcrowdng w_halogen w_halogena w_bigatom w_fbigatom w_csp3 w_fcsp3 w_fccsp3 w_csp3_chain w_aromc w_aliphc w_numcdb w_totdbsub w_avcdbsub w_nflxchn w_atflxchn w_faflxchn w_fnflxchn w_lflxchn w_avflxchn w_rkentrpy w_nconjgsc w_atincnjs w_mxcnjscz w_cinconjs w_brunsneg w_brunspos w_formal_charge w_brunsacc w_brnsdual w_brunsdon w_brunshbdsum w_nplus w_nminus w_muldiam w_rad w_mulrad w_tm w_tg3 w_ishape w_maxdrng w_maxdarom w_maxdhtro w_maxdons w_avebbtwn w_normbbtwn w_compact w_nolp w_avdcentre w_stddcentre w_centre3 w_centre3h w_mh3b w_cntrdgncy w_cntrdshell1 w_cntrdshell2 w_cntrdshell3 w_aveshell1 w_aveshell2 w_aveshell3 w_maxshell3 w_nnsssrng w_nrings3 w_nrings4 w_nrings5 w_nrings6 w_nrings7 w_nrings8 w_rsarom1 w_rsarom2 w_rsarom3 w_rsaliph1 w_rsaliph2 w_rsaliph3 w_rsaliph4 w_rssys1 w_rssys2 w_rssys3 w_rssys4 w_rssys5 w_rssys6 w_rssys7 w_rssys8 w_rssys9 w_ar5 w_ar6 w_al5 w_al6 w_fsdrng5l5l w_fsdrng5l5r w_fsdrng5r5r w_fsdrng5r6l w_fsdrng5l6r w_fsdrng5l6l w_fsdrng5r6r w_fsdrng6r6r w_fsdrng6l6r w_fsdrng6l6l w_fsdrngarar w_fsdrngalar w_fsdrngalal w_nspiro w_nchiral w_nvrtspsa w_acmbe w_cmr w_cd4ring w_cd4chain w_frsub w_frssub w_arorthoring w_alorthoring w_bbr1 w_bbr2 w_bbr3 w_bbr4 w_bbr5 w_bbr6 w_sboradjf w_dboradjf w_hcount w_hperatom w_ro5_ohnh w_ro5_on w_nsfsdsys w_rnginsfs w_lgstrfsy w_htrcsfsy w_mxhtsfsy w_npfsdsys w_rnginpfs w_lgplnfsy w_htrcpfsy w_mxhtpfsy w_aamind w_aa2mind w_aaave w_admind w_ad2mind w_adave w_ddmind w_dd2mind w_ddave w_symmatom w_fsymmatom w_lsepsymatom w_flsepsymatom w_maxsymmclass w_maxpsymd w_fmaxpsymd w_maxpsymdmean w_psymdnzero w_alogp w_xlogp w_obalance w_rmync w_rmynn w_rmyno w_rmynf w_rmyns w_rmyncl w_rmynbr w_rmyni w_heavy_halogen
PBCHM6197496 40 6 5 548.7 3 0.075 24 0.6 13 0.325 0 0 0.925 3 0.06667 2 0.04444 1 0.02222 3 0.075 20 0.5 6 1.846 0.3 9.868 0.4934 0.09474 175.64 7 0.1556 34 5 0.1471 0 0.85 23 2 0.05882 0.575 5 23 7 0.175 2 1 0 0 1 0 4.1 0 0 2 0.4 0 1 5 6 0 0 6 0.05 0 0 2 0 1 0 4 0.1053 3 3 2 11 7 2 4 3 13 0.2889 32 2 21 2 4 6 4 2 13 1 3 1 0 32 0.8 6 0.15 4.333 6 3 2 32 26 0.8 2.25 1.5 2.118 90 6007 8 0.2 0 0 1 0.025 8 0.2 0.2424 3 21 12 4 7 1.75 1 1 0.025 0.1667 1 1 1.386 2 32 26 25 0 0 0 4 0 0 4 0 0 3 10 1 2 0 1 19 16 11 11 7.701 0.1925 0.5 19 5.205 2.755 12 2 7 1 3 5 4 2.25 5.4 8.45 12 0 0 0 2 4 0 0 1 2 2 1 3 0 0 0 0 0 0 0 0 0 0 0 1 3 1 1 0 0 0 0 0 0 0 0 0 0 0 0 0 0 0 85.02 51.5 16.18 0 0 0.2059 0.08824 0 0 3 1 1 0 0 0 0 0 32 0.8 0 6 0 0 0 0 0 0 0 0 0 0 0 0 0 0 0 0 6 6 6.333 12 0.3 2 0.1 2 3 0.075 1.45 9 7.129 8.046 -233.3 33 4 2 0 1 0 0 0 0
