[H]C(=C1SC(=NC1=O)N1C(C(C([H])([H])[H])([H])C(C(C1([H])[H])([H])[H])([H])[H])([H])[H])C1C(N(N=C1c1c(c(c(OC(c2c(c(c(C([H])([H])[H])c(c2[H])[H])[H])[H])([H])[H])c(c1[H])[H])[H])[H])c1c(c(c([H])c(c1[H])[H])[H])[H])[H] PBCHM6197496 2 molecule 1 copy 1 perm 0
[H]C(=C1SC(=NC1=O)N1C(C(C([H])([H])[H])([H])C(C(C1([H])[H])([H])[H])([H])[H])([H])[H])C1C(N(NC1c1c(c(c(OC(c2c(c(c(C([H])([H])[H])c(c2[H])[H])[H])[H])([H])[H])c(c1[H])[H])[H])[H])c1c(c(c([H])c(c1[H])[H])[H])[H])[H] PBCHM6197496 3 molecule 1 copy 1 perm 1
[H]C(=C1SC(=NC1=O)N1C(C(C([H])([H])[H])([H])C(C(C1([H])[H])([H])[H])([H])[H])([H])[H])c1c([n]([n]c1c1c(c(c(OC(c2c([H])c(c(C([H])([H])[H])c(c2[H])[H])[H])([H])[H])c(c1[H])[H])[H])[H])C1=C([H])C(=C(C(C1[H])[H])[H])[H])[H] PBCHM6197496 12 molecule 1 copy 9 perm 0
